Archive member included to satisfy reference by file (symbol)

/home/vahid/ARM-Toolchain/gcc-arm-none-eabi-9-2019-q4-major/bin/../lib/gcc/arm-none-eabi/9.2.1/../../../../arm-none-eabi/lib/thumb/v6-m/nofp/libc_nano.a(lib_a-exit.o)
                              /home/vahid/ARM-Toolchain/gcc-arm-none-eabi-9-2019-q4-major/bin/../lib/gcc/arm-none-eabi/9.2.1/../../../../arm-none-eabi/lib/thumb/v6-m/nofp/crt0.o (exit)
/home/vahid/ARM-Toolchain/gcc-arm-none-eabi-9-2019-q4-major/bin/../lib/gcc/arm-none-eabi/9.2.1/../../../../arm-none-eabi/lib/thumb/v6-m/nofp/libc_nano.a(lib_a-impure.o)
                              /home/vahid/ARM-Toolchain/gcc-arm-none-eabi-9-2019-q4-major/bin/../lib/gcc/arm-none-eabi/9.2.1/../../../../arm-none-eabi/lib/thumb/v6-m/nofp/libc_nano.a(lib_a-exit.o) (_global_impure_ptr)
/home/vahid/ARM-Toolchain/gcc-arm-none-eabi-9-2019-q4-major/bin/../lib/gcc/arm-none-eabi/9.2.1/../../../../arm-none-eabi/lib/thumb/v6-m/nofp/libc_nano.a(lib_a-init.o)
                              /home/vahid/ARM-Toolchain/gcc-arm-none-eabi-9-2019-q4-major/bin/../lib/gcc/arm-none-eabi/9.2.1/../../../../arm-none-eabi/lib/thumb/v6-m/nofp/crt0.o (__libc_init_array)
/home/vahid/ARM-Toolchain/gcc-arm-none-eabi-9-2019-q4-major/bin/../lib/gcc/arm-none-eabi/9.2.1/../../../../arm-none-eabi/lib/thumb/v6-m/nofp/libc_nano.a(lib_a-memset.o)
                              /home/vahid/ARM-Toolchain/gcc-arm-none-eabi-9-2019-q4-major/bin/../lib/gcc/arm-none-eabi/9.2.1/../../../../arm-none-eabi/lib/thumb/v6-m/nofp/crt0.o (memset)
/home/vahid/ARM-Toolchain/gcc-arm-none-eabi-9-2019-q4-major/bin/../lib/gcc/arm-none-eabi/9.2.1/../../../../arm-none-eabi/lib/thumb/v6-m/nofp/libnosys.a(_exit.o)
                              /home/vahid/ARM-Toolchain/gcc-arm-none-eabi-9-2019-q4-major/bin/../lib/gcc/arm-none-eabi/9.2.1/../../../../arm-none-eabi/lib/thumb/v6-m/nofp/libc_nano.a(lib_a-exit.o) (_exit)
/home/vahid/ARM-Toolchain/gcc-arm-none-eabi-9-2019-q4-major/bin/../lib/gcc/arm-none-eabi/9.2.1/thumb/v6-m/nofp/libgcc.a(_udivsi3.o)
                              build/stm32f0xx_hal_spi.o (__aeabi_uidiv)
/home/vahid/ARM-Toolchain/gcc-arm-none-eabi-9-2019-q4-major/bin/../lib/gcc/arm-none-eabi/9.2.1/thumb/v6-m/nofp/libgcc.a(_dvmd_tls.o)
                              /home/vahid/ARM-Toolchain/gcc-arm-none-eabi-9-2019-q4-major/bin/../lib/gcc/arm-none-eabi/9.2.1/thumb/v6-m/nofp/libgcc.a(_udivsi3.o) (__aeabi_idiv0)

Allocating common symbols
Common symbol       size              file

uwTick              0x4               build/stm32f0xx_hal.o
pFlash              0x20              build/stm32f0xx_hal_flash.o
hspi1               0x64              build/main.o

Discarded input sections

 .text          0x0000000000000000        0x0 /home/vahid/ARM-Toolchain/gcc-arm-none-eabi-9-2019-q4-major/bin/../lib/gcc/arm-none-eabi/9.2.1/thumb/v6-m/nofp/crti.o
 .data          0x0000000000000000        0x0 /home/vahid/ARM-Toolchain/gcc-arm-none-eabi-9-2019-q4-major/bin/../lib/gcc/arm-none-eabi/9.2.1/thumb/v6-m/nofp/crti.o
 .bss           0x0000000000000000        0x0 /home/vahid/ARM-Toolchain/gcc-arm-none-eabi-9-2019-q4-major/bin/../lib/gcc/arm-none-eabi/9.2.1/thumb/v6-m/nofp/crti.o
 .data          0x0000000000000000        0x4 /home/vahid/ARM-Toolchain/gcc-arm-none-eabi-9-2019-q4-major/bin/../lib/gcc/arm-none-eabi/9.2.1/thumb/v6-m/nofp/crtbegin.o
 .text          0x0000000000000000       0x78 /home/vahid/ARM-Toolchain/gcc-arm-none-eabi-9-2019-q4-major/bin/../lib/gcc/arm-none-eabi/9.2.1/../../../../arm-none-eabi/lib/thumb/v6-m/nofp/crt0.o
 .data          0x0000000000000000        0x0 /home/vahid/ARM-Toolchain/gcc-arm-none-eabi-9-2019-q4-major/bin/../lib/gcc/arm-none-eabi/9.2.1/../../../../arm-none-eabi/lib/thumb/v6-m/nofp/crt0.o
 .bss           0x0000000000000000        0x0 /home/vahid/ARM-Toolchain/gcc-arm-none-eabi-9-2019-q4-major/bin/../lib/gcc/arm-none-eabi/9.2.1/../../../../arm-none-eabi/lib/thumb/v6-m/nofp/crt0.o
 .ARM.extab     0x0000000000000000        0x0 /home/vahid/ARM-Toolchain/gcc-arm-none-eabi-9-2019-q4-major/bin/../lib/gcc/arm-none-eabi/9.2.1/../../../../arm-none-eabi/lib/thumb/v6-m/nofp/crt0.o
 .ARM.exidx     0x0000000000000000        0x8 /home/vahid/ARM-Toolchain/gcc-arm-none-eabi-9-2019-q4-major/bin/../lib/gcc/arm-none-eabi/9.2.1/../../../../arm-none-eabi/lib/thumb/v6-m/nofp/crt0.o
 .ARM.attributes
                0x0000000000000000       0x1b /home/vahid/ARM-Toolchain/gcc-arm-none-eabi-9-2019-q4-major/bin/../lib/gcc/arm-none-eabi/9.2.1/../../../../arm-none-eabi/lib/thumb/v6-m/nofp/crt0.o
 .text          0x0000000000000000        0x0 build/main.o
 .data          0x0000000000000000        0x0 build/main.o
 .bss           0x0000000000000000        0x0 build/main.o
 .text.Error_Handler
                0x0000000000000000        0x2 build/main.o
 .text          0x0000000000000000        0x0 build/stm32f0xx_it.o
 .data          0x0000000000000000        0x0 build/stm32f0xx_it.o
 .bss           0x0000000000000000        0x0 build/stm32f0xx_it.o
[...]
Memory Configuration

Name             Origin             Length             Attributes
RAM              0x0000000020000000 0x0000000000001000 xrw
FLASH            0x0000000008000000 0x0000000000004000 xr
*default*        0x0000000000000000 0xffffffffffffffff

Linker script and memory map

LOAD /home/vahid/ARM-Toolchain/gcc-arm-none-eabi-9-2019-q4-major/bin/../lib/gcc/arm-none-eabi/9.2.1/thumb/v6-m/nofp/crti.o
LOAD /home/vahid/ARM-Toolchain/gcc-arm-none-eabi-9-2019-q4-major/bin/../lib/gcc/arm-none-eabi/9.2.1/thumb/v6-m/nofp/crtbegin.o
LOAD /home/vahid/ARM-Toolchain/gcc-arm-none-eabi-9-2019-q4-major/bin/../lib/gcc/arm-none-eabi/9.2.1/../../../../arm-none-eabi/lib/thumb/v6-m/nofp/crt0.o
LOAD build/main.o
LOAD build/stm32f0xx_it.o
LOAD build/stm32f0xx_hal_msp.o
LOAD build/ws2812.o
LOAD build/stm32f0xx_hal_spi.o
LOAD build/stm32f0xx_hal_spi_ex.o
LOAD build/stm32f0xx_hal_rcc.o
LOAD build/stm32f0xx_hal_rcc_ex.o
LOAD build/stm32f0xx_hal.o
LOAD build/stm32f0xx_hal_i2c.o
LOAD build/stm32f0xx_hal_i2c_ex.o
LOAD build/stm32f0xx_hal_gpio.o
LOAD build/stm32f0xx_hal_dma.o
LOAD build/stm32f0xx_hal_cortex.o
LOAD build/stm32f0xx_hal_pwr.o
LOAD build/stm32f0xx_hal_pwr_ex.o
LOAD build/stm32f0xx_hal_flash.o
LOAD build/stm32f0xx_hal_flash_ex.o
LOAD build/stm32f0xx_hal_exti.o
LOAD build/stm32f0xx_hal_tim.o
LOAD build/stm32f0xx_hal_tim_ex.o
LOAD build/system_stm32f0xx.o
LOAD build/startup_stm32f030x6.o
LOAD /home/vahid/ARM-Toolchain/gcc-arm-none-eabi-9-2019-q4-major/bin/../lib/gcc/arm-none-eabi/9.2.1/../../../../arm-none-eabi/lib/thumb/v6-m/nofp/libc_nano.a
LOAD /home/vahid/ARM-Toolchain/gcc-arm-none-eabi-9-2019-q4-major/bin/../lib/gcc/arm-none-eabi/9.2.1/../../../../arm-none-eabi/lib/thumb/v6-m/nofp/libm.a
LOAD /home/vahid/ARM-Toolchain/gcc-arm-none-eabi-9-2019-q4-major/bin/../lib/gcc/arm-none-eabi/9.2.1/../../../../arm-none-eabi/lib/thumb/v6-m/nofp/libnosys.a
START GROUP
LOAD /home/vahid/ARM-Toolchain/gcc-arm-none-eabi-9-2019-q4-major/bin/../lib/gcc/arm-none-eabi/9.2.1/thumb/v6-m/nofp/libgcc.a
LOAD /home/vahid/ARM-Toolchain/gcc-arm-none-eabi-9-2019-q4-major/bin/../lib/gcc/arm-none-eabi/9.2.1/../../../../arm-none-eabi/lib/thumb/v6-m/nofp/libc_nano.a
END GROUP
START GROUP
LOAD /home/vahid/ARM-Toolchain/gcc-arm-none-eabi-9-2019-q4-major/bin/../lib/gcc/arm-none-eabi/9.2.1/thumb/v6-m/nofp/libgcc.a
LOAD /home/vahid/ARM-Toolchain/gcc-arm-none-eabi-9-2019-q4-major/bin/../lib/gcc/arm-none-eabi/9.2.1/../../../../arm-none-eabi/lib/thumb/v6-m/nofp/libc_nano.a
END GROUP
LOAD /home/vahid/ARM-Toolchain/gcc-arm-none-eabi-9-2019-q4-major/bin/../lib/gcc/arm-none-eabi/9.2.1/thumb/v6-m/nofp/crtend.o
LOAD /home/vahid/ARM-Toolchain/gcc-arm-none-eabi-9-2019-q4-major/bin/../lib/gcc/arm-none-eabi/9.2.1/thumb/v6-m/nofp/crtn.o
                0x0000000020001000                _estack = 0x20001000
                0x0000000000000200                _Min_Heap_Size = 0x200
                0x0000000000000400                _Min_Stack_Size = 0x400

.isr_vector     0x0000000008000000       0xc0
                0x0000000008000000                . = ALIGN (0x4)
 *(.isr_vector)
 .isr_vector    0x0000000008000000       0xc0 build/startup_stm32f030x6.o
                0x0000000008000000                g_pfnVectors
                0x00000000080000c0                . = ALIGN (0x4)

.text           0x00000000080000c0     0x13c8
                0x00000000080000c0                . = ALIGN (0x4)
 *(.text)
 .text          0x00000000080000c0       0x48 /home/vahid/ARM-Toolchain/gcc-arm-none-eabi-9-2019-q4-major/bin/../lib/gcc/arm-none-eabi/9.2.1/thumb/v6-m/nofp/crtbegin.o
 .text          0x0000000008000108      0x114 /home/vahid/ARM-Toolchain/gcc-arm-none-eabi-9-2019-q4-major/bin/../lib/gcc/arm-none-eabi/9.2.1/thumb/v6-m/nofp/libgcc.a(_udivsi3.o)
                0x0000000008000108                __udivsi3
                0x0000000008000108                __aeabi_uidiv
                0x0000000008000214                __aeabi_uidivmod
 .text          0x000000000800021c        0x4 /home/vahid/ARM-Toolchain/gcc-arm-none-eabi-9-2019-q4-major/bin/../lib/gcc/arm-none-eabi/9.2.1/thumb/v6-m/nofp/libgcc.a(_dvmd_tls.o)
                0x000000000800021c                __aeabi_ldiv0
                0x000000000800021c                __aeabi_idiv0
 *(.text*)
 .text.MX_GPIO_Init
                0x0000000008000220       0x30 build/main.o
 .text.MX_SPI1_Init
                0x0000000008000250       0x48 build/main.o
 .text.SystemClock_Config
                0x0000000008000298       0x4e build/main.o
                0x0000000008000298                SystemClock_Config
 .text.main     0x00000000080002e6       0x18 build/main.o
                0x00000000080002e6                main
 .text.NMI_Handler
                0x00000000080002fe        0x2 build/stm32f0xx_it.o
                0x00000000080002fe                NMI_Handler
 .text.HardFault_Handler
                0x0000000008000300        0x2 build/stm32f0xx_it.o
                0x0000000008000300                HardFault_Handler
 .text.SVC_Handler
                0x0000000008000302        0x2 build/stm32f0xx_it.o
                0x0000000008000302                SVC_Handler
 .text.PendSV_Handler
                0x0000000008000304        0x2 build/stm32f0xx_it.o
                0x0000000008000304                PendSV_Handler
 .text.SysTick_Handler
                0x0000000008000306        0x8 build/stm32f0xx_it.o
                0x0000000008000306                SysTick_Handler
 *fill*         0x000000000800030e        0x2 
 .text.HAL_MspInit
                0x0000000008000310       0x30 build/stm32f0xx_hal_msp.o
                0x0000000008000310                HAL_MspInit
 .text.HAL_SPI_MspInit
                0x0000000008000340       0x68 build/stm32f0xx_hal_msp.o
                0x0000000008000340                HAL_SPI_MspInit
 .text.WS2812_Write
                0x00000000080003a8       0xac build/ws2812.o
                0x00000000080003a8                WS2812_Write
 .text.WS2812_Color
                0x0000000008000454        0xa build/ws2812.o
                0x0000000008000454                WS2812_Color
 .text.WS2812_SetPixelColor
                0x000000000800045e       0x18 build/ws2812.o
                0x000000000800045e                WS2812_SetPixelColor
 *fill*         0x0000000008000476        0x2 
 .text.WS2812_Update
                0x0000000008000478       0x30 build/ws2812.o
                0x0000000008000478                WS2812_Update
 .text.WS2812_TARDISEffect
                0x00000000080004a8      0x150 build/ws2812.o
                0x00000000080004a8                WS2812_TARDISEffect
 .text.SPI_WaitFlagStateUntilTimeout
                0x00000000080005f8       0xa4 build/stm32f0xx_hal_spi.o
 .text.SPI_WaitFifoStateUntilTimeout
                0x000000000800069c       0xc8 build/stm32f0xx_hal_spi.o
 .text.SPI_EndRxTxTransaction
                0x0000000008000764       0x68 build/stm32f0xx_hal_spi.o
 .text.HAL_SPI_Init
                0x00000000080007cc       0xcc build/stm32f0xx_hal_spi.o
                0x00000000080007cc                HAL_SPI_Init
 .text.HAL_SPI_Transmit
                0x0000000008000898      0x1ea build/stm32f0xx_hal_spi.o
                0x0000000008000898                HAL_SPI_Transmit
 *fill*         0x0000000008000a82        0x2 
 .text.HAL_RCC_OscConfig
                0x0000000008000a84      0x49c build/stm32f0xx_hal_rcc.o
                0x0000000008000a84                HAL_RCC_OscConfig
 .text.HAL_RCC_GetSysClockFreq
                0x0000000008000f20       0x70 build/stm32f0xx_hal_rcc.o
                0x0000000008000f20                HAL_RCC_GetSysClockFreq
 .text.HAL_RCC_ClockConfig
                0x0000000008000f90      0x134 build/stm32f0xx_hal_rcc.o
                0x0000000008000f90                HAL_RCC_ClockConfig
 .text.HAL_InitTick
                0x00000000080010c4       0x50 build/stm32f0xx_hal.o
                0x00000000080010c4                HAL_InitTick
 .text.HAL_Init
                0x0000000008001114       0x20 build/stm32f0xx_hal.o
                0x0000000008001114                HAL_Init
 .text.HAL_IncTick
                0x0000000008001134       0x18 build/stm32f0xx_hal.o
                0x0000000008001134                HAL_IncTick
 .text.HAL_GetTick
                0x000000000800114c        0xc build/stm32f0xx_hal.o
                0x000000000800114c                HAL_GetTick
 .text.HAL_Delay
                0x0000000008001158       0x24 build/stm32f0xx_hal.o
                0x0000000008001158                HAL_Delay
 .text.HAL_GPIO_Init
                0x000000000800117c      0x1ac build/stm32f0xx_hal_gpio.o
                0x000000000800117c                HAL_GPIO_Init
 .text.HAL_NVIC_SetPriority
                0x0000000008001328       0x60 build/stm32f0xx_hal_cortex.o
                0x0000000008001328                HAL_NVIC_SetPriority
 .text.HAL_SYSTICK_Config
                0x0000000008001388       0x38 build/stm32f0xx_hal_cortex.o
                0x0000000008001388                HAL_SYSTICK_Config
 .text.SystemInit
                0x00000000080013c0        0x2 build/system_stm32f0xx.o
                0x00000000080013c0                SystemInit
 *fill*         0x00000000080013c2        0x2 
 .text.Reset_Handler
                0x00000000080013c4       0x50 build/startup_stm32f030x6.o
                0x00000000080013c4                Reset_Handler
 .text.Default_Handler
                0x0000000008001414        0x2 build/startup_stm32f030x6.o
                0x0000000008001414                TIM1_CC_IRQHandler
                0x0000000008001414                I2C1_IRQHandler
                0x0000000008001414                SPI1_IRQHandler
                0x0000000008001414                EXTI2_3_IRQHandler
                0x0000000008001414                ADC1_IRQHandler
                0x0000000008001414                TIM17_IRQHandler
                0x0000000008001414                RTC_IRQHandler
                0x0000000008001414                TIM16_IRQHandler
                0x0000000008001414                TIM3_IRQHandler
                0x0000000008001414                EXTI4_15_IRQHandler
                0x0000000008001414                RCC_IRQHandler
                0x0000000008001414                DMA1_Channel1_IRQHandler
                0x0000000008001414                Default_Handler
                0x0000000008001414                TIM14_IRQHandler
                0x0000000008001414                DMA1_Channel4_5_IRQHandler
                0x0000000008001414                EXTI0_1_IRQHandler
                0x0000000008001414                WWDG_IRQHandler
                0x0000000008001414                DMA1_Channel2_3_IRQHandler
                0x0000000008001414                FLASH_IRQHandler
                0x0000000008001414                USART1_IRQHandler
                0x0000000008001414                TIM1_BRK_UP_TRG_COM_IRQHandler
 *fill*         0x0000000008001416        0x2 
 .text.__libc_init_array
                0x0000000008001418       0x48 /home/vahid/ARM-Toolchain/gcc-arm-none-eabi-9-2019-q4-major/bin/../lib/gcc/arm-none-eabi/9.2.1/../../../../arm-none-eabi/lib/thumb/v6-m/nofp/libc_nano.a(lib_a-init.o)
                0x0000000008001418                __libc_init_array
 .text.memset   0x0000000008001460       0x10 /home/vahid/ARM-Toolchain/gcc-arm-none-eabi-9-2019-q4-major/bin/../lib/gcc/arm-none-eabi/9.2.1/../../../../arm-none-eabi/lib/thumb/v6-m/nofp/libc_nano.a(lib_a-memset.o)
                0x0000000008001460                memset
 *(.glue_7)
 .glue_7        0x0000000008001470        0x0 linker stubs
 *(.glue_7t)
 .glue_7t       0x0000000008001470        0x0 linker stubs
 *(.eh_frame)
 .eh_frame      0x0000000008001470        0x0 /home/vahid/ARM-Toolchain/gcc-arm-none-eabi-9-2019-q4-major/bin/../lib/gcc/arm-none-eabi/9.2.1/thumb/v6-m/nofp/crtbegin.o
 *(.init)
 .init          0x0000000008001470        0x4 /home/vahid/ARM-Toolchain/gcc-arm-none-eabi-9-2019-q4-major/bin/../lib/gcc/arm-none-eabi/9.2.1/thumb/v6-m/nofp/crti.o
                0x0000000008001470                _init
 .init          0x0000000008001474        0x8 /home/vahid/ARM-Toolchain/gcc-arm-none-eabi-9-2019-q4-major/bin/../lib/gcc/arm-none-eabi/9.2.1/thumb/v6-m/nofp/crtn.o
 *(.fini)
 .fini          0x000000000800147c        0x4 /home/vahid/ARM-Toolchain/gcc-arm-none-eabi-9-2019-q4-major/bin/../lib/gcc/arm-none-eabi/9.2.1/thumb/v6-m/nofp/crti.o
                0x000000000800147c                _fini
 .fini          0x0000000008001480        0x8 /home/vahid/ARM-Toolchain/gcc-arm-none-eabi-9-2019-q4-major/bin/../lib/gcc/arm-none-eabi/9.2.1/thumb/v6-m/nofp/crtn.o
                0x0000000008001488                . = ALIGN (0x4)
                0x0000000008001488                _etext = .

.vfp11_veneer   0x0000000008001488        0x0
 .vfp11_veneer  0x0000000008001488        0x0 linker stubs

.v4_bx          0x0000000008001488        0x0
 .v4_bx         0x0000000008001488        0x0 linker stubs

.iplt           0x0000000008001488        0x0
 .iplt          0x0000000008001488        0x0 /home/vahid/ARM-Toolchain/gcc-arm-none-eabi-9-2019-q4-major/bin/../lib/gcc/arm-none-eabi/9.2.1/thumb/v6-m/nofp/crtbegin.o

.rodata         0x0000000008001488       0x38
                0x0000000008001488                . = ALIGN (0x4)
 *(.rodata)
 *(.rodata*)
 .rodata.HAL_RCC_GetSysClockFreq.str1.4
                0x0000000008001488       0x25 build/stm32f0xx_hal_rcc.o
 *fill*         0x00000000080014ad        0x3 
 .rodata.AHBPrescTable
                0x00000000080014b0       0x10 build/system_stm32f0xx.o
                0x00000000080014b0                AHBPrescTable
                0x00000000080014c0                . = ALIGN (0x4)

.rel.dyn        0x00000000080014c0        0x0
 .rel.iplt      0x00000000080014c0        0x0 /home/vahid/ARM-Toolchain/gcc-arm-none-eabi-9-2019-q4-major/bin/../lib/gcc/arm-none-eabi/9.2.1/thumb/v6-m/nofp/crtbegin.o

.ARM.extab
 *(.ARM.extab* .gnu.linkonce.armextab.*)

.ARM            0x00000000080014c0        0x0
                0x00000000080014c0                __exidx_start = .
 *(.ARM.exidx*)
                0x00000000080014c0                __exidx_end = .

.preinit_array  0x00000000080014c0        0x0
                0x00000000080014c0                PROVIDE (__preinit_array_start = .)
 *(.preinit_array*)
                0x00000000080014c0                PROVIDE (__preinit_array_end = .)

.init_array     0x00000000080014c0        0x4
                0x00000000080014c0                PROVIDE (__init_array_start = .)
 *(SORT_BY_NAME(.init_array.*))
 *(.init_array*)
 .init_array    0x00000000080014c0        0x4 /home/vahid/ARM-Toolchain/gcc-arm-none-eabi-9-2019-q4-major/bin/../lib/gcc/arm-none-eabi/9.2.1/thumb/v6-m/nofp/crtbegin.o
                0x00000000080014c4                PROVIDE (__init_array_end = .)

.fini_array     0x00000000080014c4        0x4
                [!provide]                        PROVIDE (__fini_array_start = .)
 *(SORT_BY_NAME(.fini_array.*))
 *(.fini_array*)
 .fini_array    0x00000000080014c4        0x4 /home/vahid/ARM-Toolchain/gcc-arm-none-eabi-9-2019-q4-major/bin/../lib/gcc/arm-none-eabi/9.2.1/thumb/v6-m/nofp/crtbegin.o
                [!provide]                        PROVIDE (__fini_array_end = .)
                0x00000000080014c8                _sidata = LOADADDR (.data)

.data           0x0000000020000000        0xc load address 0x00000000080014c8
                0x0000000020000000                . = ALIGN (0x4)
                0x0000000020000000                _sdata = .
 *(.data)
 *(.data*)
 .data.uwTickFreq
                0x0000000020000000        0x1 build/stm32f0xx_hal.o
                0x0000000020000000                uwTickFreq
 *fill*         0x0000000020000001        0x3 
 .data.uwTickPrio
                0x0000000020000004        0x4 build/stm32f0xx_hal.o
                0x0000000020000004                uwTickPrio
 .data.SystemCoreClock
                0x0000000020000008        0x4 build/system_stm32f0xx.o
                0x0000000020000008                SystemCoreClock
                0x000000002000000c                . = ALIGN (0x4)
                0x000000002000000c                _edata = .

.igot.plt       0x000000002000000c        0x0 load address 0x00000000080014d4
 .igot.plt      0x000000002000000c        0x0 /home/vahid/ARM-Toolchain/gcc-arm-none-eabi-9-2019-q4-major/bin/../lib/gcc/arm-none-eabi/9.2.1/thumb/v6-m/nofp/crtbegin.o
                0x000000002000000c                . = ALIGN (0x4)

.bss            0x000000002000000c       0xf4 load address 0x00000000080014d4
                0x000000002000000c                _sbss = .
                0x000000002000000c                __bss_start__ = _sbss
 *(.bss)
 .bss           0x000000002000000c       0x1c /home/vahid/ARM-Toolchain/gcc-arm-none-eabi-9-2019-q4-major/bin/../lib/gcc/arm-none-eabi/9.2.1/thumb/v6-m/nofp/crtbegin.o
 *(.bss*)
 .bss.WS2812_Buffer
                0x0000000020000028       0x6c build/ws2812.o
 .bss.WS2812_Reset
                0x0000000020000094        0x2 build/ws2812.o
 *(COMMON)
 *fill*         0x0000000020000096        0x2 
 COMMON         0x0000000020000098       0x64 build/main.o
                0x0000000020000098                hspi1
 COMMON         0x00000000200000fc        0x4 build/stm32f0xx_hal.o
                0x00000000200000fc                uwTick
                0x0000000020000100                . = ALIGN (0x4)
                0x0000000020000100                _ebss = .
                0x0000000020000100                __bss_end__ = _ebss

._user_heap_stack
                0x0000000020000100      0x600 load address 0x00000000080014d4
                0x0000000020000100                . = ALIGN (0x8)
                [!provide]                        PROVIDE (end = .)
                [!provide]                        PROVIDE (_end = .)
                0x0000000020000300                . = (. + _Min_Heap_Size)
 *fill*         0x0000000020000100      0x200 
                0x0000000020000700                . = (. + _Min_Stack_Size)
 *fill*         0x0000000020000300      0x400 
                0x0000000020000700                . = ALIGN (0x8)

/DISCARD/
 libc.a(*)
 libm.a(*)
 libgcc.a(*)

.ARM.attributes
                0x0000000000000000       0x28
 *(.ARM.attributes)
 .ARM.attributes
                0x0000000000000000       0x1e /home/vahid/ARM-Toolchain/gcc-arm-none-eabi-9-2019-q4-major/bin/../lib/gcc/arm-none-eabi/9.2.1/thumb/v6-m/nofp/crti.o
 .ARM.attributes
                0x000000000000001e       0x2c /home/vahid/ARM-Toolchain/gcc-arm-none-eabi-9-2019-q4-major/bin/../lib/gcc/arm-none-eabi/9.2.1/thumb/v6-m/nofp/crtbegin.o
 .ARM.attributes
                0x000000000000004a       0x2c build/main.o
 .ARM.attributes
                0x0000000000000076       0x2c build/stm32f0xx_it.o
 .ARM.attributes
                0x00000000000000a2       0x2c build/stm32f0xx_hal_msp.o
 .ARM.attributes
                0x00000000000000ce       0x2c build/ws2812.o
 .ARM.attributes
                0x00000000000000fa       0x2c build/stm32f0xx_hal_spi.o
 .ARM.attributes
                0x0000000000000126       0x2c build/stm32f0xx_hal_rcc.o
 .ARM.attributes
                0x0000000000000152       0x2c build/stm32f0xx_hal.o
 .ARM.attributes
                0x000000000000017e       0x2c build/stm32f0xx_hal_gpio.o
 .ARM.attributes
                0x00000000000001aa       0x2c build/stm32f0xx_hal_cortex.o
 .ARM.attributes
                0x00000000000001d6       0x2c build/system_stm32f0xx.o
 .ARM.attributes
                0x0000000000000202       0x21 build/startup_stm32f030x6.o
 .ARM.attributes
                0x0000000000000223       0x2c /home/vahid/ARM-Toolchain/gcc-arm-none-eabi-9-2019-q4-major/bin/../lib/gcc/arm-none-eabi/9.2.1/../../../../arm-none-eabi/lib/thumb/v6-m/nofp/libc_nano.a(lib_a-init.o)
 .ARM.attributes
                0x000000000000024f       0x2c /home/vahid/ARM-Toolchain/gcc-arm-none-eabi-9-2019-q4-major/bin/../lib/gcc/arm-none-eabi/9.2.1/../../../../arm-none-eabi/lib/thumb/v6-m/nofp/libc_nano.a(lib_a-memset.o)
 .ARM.attributes
                0x000000000000027b       0x1e /home/vahid/ARM-Toolchain/gcc-arm-none-eabi-9-2019-q4-major/bin/../lib/gcc/arm-none-eabi/9.2.1/thumb/v6-m/nofp/libgcc.a(_udivsi3.o)
 .ARM.attributes
                0x0000000000000299       0x1e /home/vahid/ARM-Toolchain/gcc-arm-none-eabi-9-2019-q4-major/bin/../lib/gcc/arm-none-eabi/9.2.1/thumb/v6-m/nofp/libgcc.a(_dvmd_tls.o)
 .ARM.attributes
                0x00000000000002b7       0x1e /home/vahid/ARM-Toolchain/gcc-arm-none-eabi-9-2019-q4-major/bin/../lib/gcc/arm-none-eabi/9.2.1/thumb/v6-m/nofp/crtn.o
OUTPUT(build/stm32f030-tardislamp.elf elf32-littlearm)

.debug_info     0x0000000000000000     0x7616
 .debug_info    0x0000000000000000      0xb3e build/main.o
 .debug_info    0x0000000000000b3e      0x1f1 build/stm32f0xx_it.o
 .debug_info    0x0000000000000d2f      0xa5d build/stm32f0xx_hal_msp.o
 .debug_info    0x000000000000178c     0x143a build/ws2812.o
 .debug_info    0x0000000000002bc6     0x22dc build/stm32f0xx_hal_spi.o
 .debug_info    0x0000000000004ea2      0xb5f build/stm32f0xx_hal_rcc.o
 .debug_info    0x0000000000005a01      0x810 build/stm32f0xx_hal.o
 .debug_info    0x0000000000006211      0x77c build/stm32f0xx_hal_gpio.o
 .debug_info    0x000000000000698d      0x95f build/stm32f0xx_hal_cortex.o
 .debug_info    0x00000000000072ec      0x308 build/system_stm32f0xx.o
 .debug_info    0x00000000000075f4       0x22 build/startup_stm32f030x6.o

.debug_abbrev   0x0000000000000000     0x160f
 .debug_abbrev  0x0000000000000000      0x268 build/main.o
 .debug_abbrev  0x0000000000000268       0xf2 build/stm32f0xx_it.o
 .debug_abbrev  0x000000000000035a      0x1f2 build/stm32f0xx_hal_msp.o
 .debug_abbrev  0x000000000000054c      0x25c build/ws2812.o
 .debug_abbrev  0x00000000000007a8      0x2dc build/stm32f0xx_hal_spi.o
 .debug_abbrev  0x0000000000000a84      0x2a4 build/stm32f0xx_hal_rcc.o
 .debug_abbrev  0x0000000000000d28      0x26b build/stm32f0xx_hal.o
 .debug_abbrev  0x0000000000000f93      0x24f build/stm32f0xx_hal_gpio.o
 .debug_abbrev  0x00000000000011e2      0x2d1 build/stm32f0xx_hal_cortex.o
 .debug_abbrev  0x00000000000014b3      0x14a build/system_stm32f0xx.o
 .debug_abbrev  0x00000000000015fd       0x12 build/startup_stm32f030x6.o

.debug_loc      0x0000000000000000     0x3db4
 .debug_loc     0x0000000000000000       0x8d build/main.o
 .debug_loc     0x000000000000008d       0x20 build/stm32f0xx_it.o
 .debug_loc     0x00000000000000ad       0xed build/stm32f0xx_hal_msp.o
 .debug_loc     0x000000000000019a      0x2f3 build/ws2812.o
 .debug_loc     0x000000000000048d     0x25bb build/stm32f0xx_hal_spi.o
 .debug_loc     0x0000000000002a48      0x72b build/stm32f0xx_hal_rcc.o
 .debug_loc     0x0000000000003173      0x1e1 build/stm32f0xx_hal.o
 .debug_loc     0x0000000000003354      0x466 build/stm32f0xx_hal_gpio.o
 .debug_loc     0x00000000000037ba      0x473 build/stm32f0xx_hal_cortex.o
 .debug_loc     0x0000000000003c2d      0x187 build/system_stm32f0xx.o

.debug_aranges  0x0000000000000000      0x540
 .debug_aranges
                0x0000000000000000       0x40 build/main.o
 .debug_aranges
                0x0000000000000040       0x40 build/stm32f0xx_it.o
 .debug_aranges
                0x0000000000000080       0x30 build/stm32f0xx_hal_msp.o
 .debug_aranges
                0x00000000000000b0       0x48 build/ws2812.o
 .debug_aranges
                0x00000000000000f8      0x1d8 build/stm32f0xx_hal_spi.o
 .debug_aranges
                0x00000000000002d0       0x80 build/stm32f0xx_hal_rcc.o
 .debug_aranges
                0x0000000000000350       0xd0 build/stm32f0xx_hal.o
 .debug_aranges
                0x0000000000000420       0x58 build/stm32f0xx_hal_gpio.o
 .debug_aranges
                0x0000000000000478       0x78 build/stm32f0xx_hal_cortex.o
 .debug_aranges
                0x00000000000004f0       0x28 build/system_stm32f0xx.o
 .debug_aranges
                0x0000000000000518       0x28 build/startup_stm32f030x6.o

.debug_ranges   0x0000000000000000      0x510
 .debug_ranges  0x0000000000000000       0x30 build/main.o
 .debug_ranges  0x0000000000000030       0x30 build/stm32f0xx_it.o
 .debug_ranges  0x0000000000000060       0x20 build/stm32f0xx_hal_msp.o
 .debug_ranges  0x0000000000000080       0x38 build/ws2812.o
 .debug_ranges  0x00000000000000b8      0x1c8 build/stm32f0xx_hal_spi.o
 .debug_ranges  0x0000000000000280       0x88 build/stm32f0xx_hal_rcc.o
 .debug_ranges  0x0000000000000308       0xc0 build/stm32f0xx_hal.o
 .debug_ranges  0x00000000000003c8       0x48 build/stm32f0xx_hal_gpio.o
 .debug_ranges  0x0000000000000410       0xc8 build/stm32f0xx_hal_cortex.o
 .debug_ranges  0x00000000000004d8       0x18 build/system_stm32f0xx.o
 .debug_ranges  0x00000000000004f0       0x20 build/startup_stm32f030x6.o

.debug_line     0x0000000000000000     0x541b
 .debug_line    0x0000000000000000      0x35f build/main.o
 .debug_line    0x000000000000035f      0x1ef build/stm32f0xx_it.o
 .debug_line    0x000000000000054e      0x2b9 build/stm32f0xx_hal_msp.o
 .debug_line    0x0000000000000807      0x4ef build/ws2812.o
 .debug_line    0x0000000000000cf6     0x2812 build/stm32f0xx_hal_spi.o
 .debug_line    0x0000000000003508      0xb63 build/stm32f0xx_hal_rcc.o
 .debug_line    0x000000000000406b      0x506 build/stm32f0xx_hal.o
 .debug_line    0x0000000000004571      0x684 build/stm32f0xx_hal_gpio.o
 .debug_line    0x0000000000004bf5      0x55c build/stm32f0xx_hal_cortex.o
 .debug_line    0x0000000000005151      0x253 build/system_stm32f0xx.o
 .debug_line    0x00000000000053a4       0x77 build/startup_stm32f030x6.o

.debug_str      0x0000000000000000     0x18e7
 .debug_str     0x0000000000000000      0x7c0 build/main.o
                                        0x86f (size before relaxing)
 .debug_str     0x00000000000007c0       0x68 build/stm32f0xx_it.o
                                        0x2a8 (size before relaxing)
 .debug_str     0x0000000000000828       0xd1 build/stm32f0xx_hal_msp.o
                                        0x75f (size before relaxing)
 .debug_str     0x00000000000008f9       0xc6 build/ws2812.o
                                        0x6fc (size before relaxing)
 .debug_str     0x00000000000009bf      0x5a5 build/stm32f0xx_hal_spi.o
                                        0xc45 (size before relaxing)
 .debug_str     0x0000000000000f64      0x1f9 build/stm32f0xx_hal_rcc.o
                                        0x6c8 (size before relaxing)
 .debug_str     0x000000000000115d      0x33c build/stm32f0xx_hal.o
                                        0x690 (size before relaxing)
 .debug_str     0x0000000000001499      0x141 build/stm32f0xx_hal_gpio.o
                                        0x4be (size before relaxing)
 .debug_str     0x00000000000015da      0x292 build/stm32f0xx_hal_cortex.o
                                        0x67a (size before relaxing)
 .debug_str     0x000000000000186c       0x57 build/system_stm32f0xx.o
                                        0x2ea (size before relaxing)
 .debug_str     0x00000000000018c3       0x24 build/startup_stm32f030x6.o
                                         0x4f (size before relaxing)

.comment        0x0000000000000000       0x79
 .comment       0x0000000000000000       0x79 build/main.o
                                         0x7a (size before relaxing)
 .comment       0x0000000000000079       0x7a build/stm32f0xx_it.o
 .comment       0x0000000000000079       0x7a build/stm32f0xx_hal_msp.o
 .comment       0x0000000000000079       0x7a build/ws2812.o
 .comment       0x0000000000000079       0x7a build/stm32f0xx_hal_spi.o
 .comment       0x0000000000000079       0x7a build/stm32f0xx_hal_rcc.o
 .comment       0x0000000000000079       0x7a build/stm32f0xx_hal.o
 .comment       0x0000000000000079       0x7a build/stm32f0xx_hal_gpio.o
 .comment       0x0000000000000079       0x7a build/stm32f0xx_hal_cortex.o
 .comment       0x0000000000000079       0x7a build/system_stm32f0xx.o

.debug_frame    0x0000000000000000      0xdd4
 .debug_frame   0x0000000000000000       0x8c build/main.o
 .debug_frame   0x000000000000008c       0x6c build/stm32f0xx_it.o
 .debug_frame   0x00000000000000f8       0x5c build/stm32f0xx_hal_msp.o
 .debug_frame   0x0000000000000154       0xb4 build/ws2812.o
 .debug_frame   0x0000000000000208      0x640 build/stm32f0xx_hal_spi.o
 .debug_frame   0x0000000000000848      0x158 build/stm32f0xx_hal_rcc.o
 .debug_frame   0x00000000000009a0      0x1c0 build/stm32f0xx_hal.o
 .debug_frame   0x0000000000000b60       0xe0 build/stm32f0xx_hal_gpio.o
 .debug_frame   0x0000000000000c40       0xec build/stm32f0xx_hal_cortex.o
 .debug_frame   0x0000000000000d2c       0x3c build/system_stm32f0xx.o
 .debug_frame   0x0000000000000d68       0x2c /home/vahid/ARM-Toolchain/gcc-arm-none-eabi-9-2019-q4-major/bin/../lib/gcc/arm-none-eabi/9.2.1/../../../../arm-none-eabi/lib/thumb/v6-m/nofp/libc_nano.a(lib_a-init.o)
 .debug_frame   0x0000000000000d94       0x20 /home/vahid/ARM-Toolchain/gcc-arm-none-eabi-9-2019-q4-major/bin/../lib/gcc/arm-none-eabi/9.2.1/../../../../arm-none-eabi/lib/thumb/v6-m/nofp/libc_nano.a(lib_a-memset.o)
 .debug_frame   0x0000000000000db4       0x20 /home/vahid/ARM-Toolchain/gcc-arm-none-eabi-9-2019-q4-major/bin/../lib/gcc/arm-none-eabi/9.2.1/thumb/v6-m/nofp/libgcc.a(_udivsi3.o)

Cross Reference Table

Symbol                                            File
ADC1_IRQHandler                                   build/startup_stm32f030x6.o
AHBPrescTable                                     build/system_stm32f0xx.o
                                                  build/stm32f0xx_hal_rcc.o
APBPrescTable                                     build/system_stm32f0xx.o
                                                  build/stm32f0xx_hal_rcc.o
DMA1_Channel1_IRQHandler                          build/startup_stm32f030x6.o
DMA1_Channel2_3_IRQHandler                        build/startup_stm32f030x6.o
DMA1_Channel4_5_IRQHandler                        build/startup_stm32f030x6.o
Default_Handler                                   build/startup_stm32f030x6.o
EXTI0_1_IRQHandler                                build/startup_stm32f030x6.o
EXTI2_3_IRQHandler                                build/startup_stm32f030x6.o
EXTI4_15_IRQHandler                               build/startup_stm32f030x6.o
Error_Handler                                     build/main.o
FLASH_IRQHandler                                  build/startup_stm32f030x6.o
FLASH_PageErase                                   build/stm32f0xx_hal_flash_ex.o
                                                  build/stm32f0xx_hal_flash.o
FLASH_WaitForLastOperation                        build/stm32f0xx_hal_flash.o
                                                  build/stm32f0xx_hal_flash_ex.o
HAL_DBGMCU_DisableDBGStandbyMode                  build/stm32f0xx_hal.o
HAL_DBGMCU_DisableDBGStopMode                     build/stm32f0xx_hal.o
HAL_DBGMCU_EnableDBGStandbyMode                   build/stm32f0xx_hal.o
HAL_DBGMCU_EnableDBGStopMode                      build/stm32f0xx_hal.o
HAL_DMA_Abort                                     build/stm32f0xx_hal_dma.o
                                                  build/stm32f0xx_hal_spi.o
HAL_DMA_Abort_IT                                  build/stm32f0xx_hal_dma.o
                                                  build/stm32f0xx_hal_i2c.o
                                                  build/stm32f0xx_hal_spi.o
HAL_DMA_DeInit                                    build/stm32f0xx_hal_dma.o
HAL_DMA_GetError                                  build/stm32f0xx_hal_dma.o
HAL_DMA_GetState                                  build/stm32f0xx_hal_dma.o
HAL_DMA_IRQHandler                                build/stm32f0xx_hal_dma.o
HAL_DMA_Init                                      build/stm32f0xx_hal_dma.o
HAL_DMA_PollForTransfer                           build/stm32f0xx_hal_dma.o
HAL_DMA_RegisterCallback                          build/stm32f0xx_hal_dma.o
HAL_DMA_Start                                     build/stm32f0xx_hal_dma.o
HAL_DMA_Start_IT                                  build/stm32f0xx_hal_dma.o
                                                  build/stm32f0xx_hal_i2c.o
                                                  build/stm32f0xx_hal_spi.o
HAL_DMA_UnRegisterCallback                        build/stm32f0xx_hal_dma.o
HAL_DeInit                                        build/stm32f0xx_hal.o
HAL_Delay                                         build/stm32f0xx_hal.o
                                                  build/ws2812.o
HAL_EXTI_ClearConfigLine                          build/stm32f0xx_hal_exti.o
HAL_EXTI_ClearPending                             build/stm32f0xx_hal_exti.o
HAL_EXTI_GenerateSWI                              build/stm32f0xx_hal_exti.o
HAL_EXTI_GetConfigLine                            build/stm32f0xx_hal_exti.o
HAL_EXTI_GetHandle                                build/stm32f0xx_hal_exti.o
HAL_EXTI_GetPending                               build/stm32f0xx_hal_exti.o
HAL_EXTI_IRQHandler                               build/stm32f0xx_hal_exti.o
HAL_EXTI_RegisterCallback                         build/stm32f0xx_hal_exti.o
HAL_EXTI_SetConfigLine                            build/stm32f0xx_hal_exti.o
HAL_FLASHEx_Erase                                 build/stm32f0xx_hal_flash_ex.o
HAL_FLASHEx_Erase_IT                              build/stm32f0xx_hal_flash_ex.o
HAL_FLASHEx_OBErase                               build/stm32f0xx_hal_flash_ex.o
HAL_FLASHEx_OBGetConfig                           build/stm32f0xx_hal_flash_ex.o
HAL_FLASHEx_OBGetUserData                         build/stm32f0xx_hal_flash_ex.o
HAL_FLASHEx_OBProgram                             build/stm32f0xx_hal_flash_ex.o
HAL_FLASH_EndOfOperationCallback                  build/stm32f0xx_hal_flash.o
HAL_FLASH_GetError                                build/stm32f0xx_hal_flash.o
HAL_FLASH_IRQHandler                              build/stm32f0xx_hal_flash.o
HAL_FLASH_Lock                                    build/stm32f0xx_hal_flash.o
HAL_FLASH_OB_Launch                               build/stm32f0xx_hal_flash.o
HAL_FLASH_OB_Lock                                 build/stm32f0xx_hal_flash.o
HAL_FLASH_OB_Unlock                               build/stm32f0xx_hal_flash.o
HAL_FLASH_OperationErrorCallback                  build/stm32f0xx_hal_flash.o
HAL_FLASH_Program                                 build/stm32f0xx_hal_flash.o
HAL_FLASH_Program_IT                              build/stm32f0xx_hal_flash.o
HAL_FLASH_Unlock                                  build/stm32f0xx_hal_flash.o
HAL_GPIO_DeInit                                   build/stm32f0xx_hal_gpio.o
                                                  build/stm32f0xx_hal_msp.o
HAL_GPIO_EXTI_Callback                            build/stm32f0xx_hal_gpio.o
HAL_GPIO_EXTI_IRQHandler                          build/stm32f0xx_hal_gpio.o
HAL_GPIO_Init                                     build/stm32f0xx_hal_gpio.o
                                                  build/stm32f0xx_hal_rcc.o
                                                  build/stm32f0xx_hal_msp.o
HAL_GPIO_LockPin                                  build/stm32f0xx_hal_gpio.o
HAL_GPIO_ReadPin                                  build/stm32f0xx_hal_gpio.o
HAL_GPIO_TogglePin                                build/stm32f0xx_hal_gpio.o
HAL_GPIO_WritePin                                 build/stm32f0xx_hal_gpio.o
HAL_GetDEVID                                      build/stm32f0xx_hal.o
HAL_GetHalVersion                                 build/stm32f0xx_hal.o
HAL_GetREVID                                      build/stm32f0xx_hal.o
HAL_GetTick                                       build/stm32f0xx_hal.o
                                                  build/stm32f0xx_hal_flash.o
                                                  build/stm32f0xx_hal_dma.o
                                                  build/stm32f0xx_hal_i2c.o
                                                  build/stm32f0xx_hal_rcc_ex.o
                                                  build/stm32f0xx_hal_rcc.o
                                                  build/stm32f0xx_hal_spi.o
HAL_GetTickFreq                                   build/stm32f0xx_hal.o
HAL_GetTickPrio                                   build/stm32f0xx_hal.o
HAL_GetUIDw0                                      build/stm32f0xx_hal.o
HAL_GetUIDw1                                      build/stm32f0xx_hal.o
HAL_GetUIDw2                                      build/stm32f0xx_hal.o
HAL_I2CEx_ConfigAnalogFilter                      build/stm32f0xx_hal_i2c_ex.o
HAL_I2CEx_ConfigDigitalFilter                     build/stm32f0xx_hal_i2c_ex.o
HAL_I2CEx_DisableFastModePlus                     build/stm32f0xx_hal_i2c_ex.o
HAL_I2CEx_EnableFastModePlus                      build/stm32f0xx_hal_i2c_ex.o
HAL_I2C_AbortCpltCallback                         build/stm32f0xx_hal_i2c.o
HAL_I2C_AddrCallback                              build/stm32f0xx_hal_i2c.o
HAL_I2C_DeInit                                    build/stm32f0xx_hal_i2c.o
HAL_I2C_DisableListen_IT                          build/stm32f0xx_hal_i2c.o
HAL_I2C_ER_IRQHandler                             build/stm32f0xx_hal_i2c.o
HAL_I2C_EV_IRQHandler                             build/stm32f0xx_hal_i2c.o
HAL_I2C_EnableListen_IT                           build/stm32f0xx_hal_i2c.o
HAL_I2C_ErrorCallback                             build/stm32f0xx_hal_i2c.o
HAL_I2C_GetError                                  build/stm32f0xx_hal_i2c.o
HAL_I2C_GetMode                                   build/stm32f0xx_hal_i2c.o
HAL_I2C_GetState                                  build/stm32f0xx_hal_i2c.o
HAL_I2C_Init                                      build/stm32f0xx_hal_i2c.o
HAL_I2C_IsDeviceReady                             build/stm32f0xx_hal_i2c.o
HAL_I2C_ListenCpltCallback                        build/stm32f0xx_hal_i2c.o
HAL_I2C_MasterRxCpltCallback                      build/stm32f0xx_hal_i2c.o
HAL_I2C_MasterTxCpltCallback                      build/stm32f0xx_hal_i2c.o
HAL_I2C_Master_Abort_IT                           build/stm32f0xx_hal_i2c.o
HAL_I2C_Master_Receive                            build/stm32f0xx_hal_i2c.o
HAL_I2C_Master_Receive_DMA                        build/stm32f0xx_hal_i2c.o
HAL_I2C_Master_Receive_IT                         build/stm32f0xx_hal_i2c.o
HAL_I2C_Master_Seq_Receive_DMA                    build/stm32f0xx_hal_i2c.o
HAL_I2C_Master_Seq_Receive_IT                     build/stm32f0xx_hal_i2c.o
HAL_I2C_Master_Seq_Transmit_DMA                   build/stm32f0xx_hal_i2c.o
HAL_I2C_Master_Seq_Transmit_IT                    build/stm32f0xx_hal_i2c.o
HAL_I2C_Master_Transmit                           build/stm32f0xx_hal_i2c.o
HAL_I2C_Master_Transmit_DMA                       build/stm32f0xx_hal_i2c.o
HAL_I2C_Master_Transmit_IT                        build/stm32f0xx_hal_i2c.o
HAL_I2C_MemRxCpltCallback                         build/stm32f0xx_hal_i2c.o
HAL_I2C_MemTxCpltCallback                         build/stm32f0xx_hal_i2c.o
HAL_I2C_Mem_Read                                  build/stm32f0xx_hal_i2c.o
HAL_I2C_Mem_Read_DMA                              build/stm32f0xx_hal_i2c.o
HAL_I2C_Mem_Read_IT                               build/stm32f0xx_hal_i2c.o
HAL_I2C_Mem_Write                                 build/stm32f0xx_hal_i2c.o
HAL_I2C_Mem_Write_DMA                             build/stm32f0xx_hal_i2c.o
HAL_I2C_Mem_Write_IT                              build/stm32f0xx_hal_i2c.o
HAL_I2C_MspDeInit                                 build/stm32f0xx_hal_i2c.o
HAL_I2C_MspInit                                   build/stm32f0xx_hal_i2c.o
HAL_I2C_SlaveRxCpltCallback                       build/stm32f0xx_hal_i2c.o
HAL_I2C_SlaveTxCpltCallback                       build/stm32f0xx_hal_i2c.o
HAL_I2C_Slave_Receive                             build/stm32f0xx_hal_i2c.o
HAL_I2C_Slave_Receive_DMA                         build/stm32f0xx_hal_i2c.o
HAL_I2C_Slave_Receive_IT                          build/stm32f0xx_hal_i2c.o
HAL_I2C_Slave_Seq_Receive_DMA                     build/stm32f0xx_hal_i2c.o
HAL_I2C_Slave_Seq_Receive_IT                      build/stm32f0xx_hal_i2c.o
HAL_I2C_Slave_Seq_Transmit_DMA                    build/stm32f0xx_hal_i2c.o
HAL_I2C_Slave_Seq_Transmit_IT                     build/stm32f0xx_hal_i2c.o
HAL_I2C_Slave_Transmit                            build/stm32f0xx_hal_i2c.o
HAL_I2C_Slave_Transmit_DMA                        build/stm32f0xx_hal_i2c.o
HAL_I2C_Slave_Transmit_IT                         build/stm32f0xx_hal_i2c.o
HAL_IncTick                                       build/stm32f0xx_hal.o
                                                  build/stm32f0xx_it.o
HAL_Init                                          build/stm32f0xx_hal.o
                                                  build/main.o
HAL_InitTick                                      build/stm32f0xx_hal.o
                                                  build/stm32f0xx_hal_rcc.o
HAL_MspDeInit                                     build/stm32f0xx_hal.o
HAL_MspInit                                       build/stm32f0xx_hal_msp.o
HAL_NVIC_ClearPendingIRQ                          build/stm32f0xx_hal_cortex.o
HAL_NVIC_DisableIRQ                               build/stm32f0xx_hal_cortex.o
HAL_NVIC_EnableIRQ                                build/stm32f0xx_hal_cortex.o
HAL_NVIC_GetPendingIRQ                            build/stm32f0xx_hal_cortex.o
HAL_NVIC_GetPriority                              build/stm32f0xx_hal_cortex.o
HAL_NVIC_SetPendingIRQ                            build/stm32f0xx_hal_cortex.o
HAL_NVIC_SetPriority                              build/stm32f0xx_hal_cortex.o
                                                  build/stm32f0xx_hal.o
HAL_NVIC_SystemReset                              build/stm32f0xx_hal_cortex.o
HAL_PWR_DeInit                                    build/stm32f0xx_hal_pwr.o
HAL_PWR_DisableBkUpAccess                         build/stm32f0xx_hal_pwr.o
HAL_PWR_DisableSEVOnPend                          build/stm32f0xx_hal_pwr.o
HAL_PWR_DisableSleepOnExit                        build/stm32f0xx_hal_pwr.o
HAL_PWR_DisableWakeUpPin                          build/stm32f0xx_hal_pwr.o
HAL_PWR_EnableBkUpAccess                          build/stm32f0xx_hal_pwr.o
HAL_PWR_EnableSEVOnPend                           build/stm32f0xx_hal_pwr.o
HAL_PWR_EnableSleepOnExit                         build/stm32f0xx_hal_pwr.o
HAL_PWR_EnableWakeUpPin                           build/stm32f0xx_hal_pwr.o
HAL_PWR_EnterSLEEPMode                            build/stm32f0xx_hal_pwr.o
HAL_PWR_EnterSTANDBYMode                          build/stm32f0xx_hal_pwr.o
HAL_PWR_EnterSTOPMode                             build/stm32f0xx_hal_pwr.o
HAL_RCCEx_GetPeriphCLKConfig                      build/stm32f0xx_hal_rcc_ex.o
HAL_RCCEx_GetPeriphCLKFreq                        build/stm32f0xx_hal_rcc_ex.o
HAL_RCCEx_PeriphCLKConfig                         build/stm32f0xx_hal_rcc_ex.o
HAL_RCC_CSSCallback                               build/stm32f0xx_hal_rcc.o
HAL_RCC_ClockConfig                               build/stm32f0xx_hal_rcc.o
                                                  build/main.o
HAL_RCC_DeInit                                    build/stm32f0xx_hal_rcc.o
HAL_RCC_DisableCSS                                build/stm32f0xx_hal_rcc.o
HAL_RCC_EnableCSS                                 build/stm32f0xx_hal_rcc.o
HAL_RCC_GetClockConfig                            build/stm32f0xx_hal_rcc.o
HAL_RCC_GetHCLKFreq                               build/stm32f0xx_hal_rcc.o
HAL_RCC_GetOscConfig                              build/stm32f0xx_hal_rcc.o
HAL_RCC_GetPCLK1Freq                              build/stm32f0xx_hal_rcc.o
                                                  build/stm32f0xx_hal_rcc_ex.o
HAL_RCC_GetSysClockFreq                           build/stm32f0xx_hal_rcc.o
                                                  build/stm32f0xx_hal_rcc_ex.o
HAL_RCC_MCOConfig                                 build/stm32f0xx_hal_rcc.o
HAL_RCC_NMI_IRQHandler                            build/stm32f0xx_hal_rcc.o
HAL_RCC_OscConfig                                 build/stm32f0xx_hal_rcc.o
                                                  build/main.o
HAL_ResumeTick                                    build/stm32f0xx_hal.o
HAL_SPIEx_FlushRxFifo                             build/stm32f0xx_hal_spi_ex.o
HAL_SPI_Abort                                     build/stm32f0xx_hal_spi.o
HAL_SPI_AbortCpltCallback                         build/stm32f0xx_hal_spi.o
HAL_SPI_Abort_IT                                  build/stm32f0xx_hal_spi.o
HAL_SPI_DMAPause                                  build/stm32f0xx_hal_spi.o
HAL_SPI_DMAResume                                 build/stm32f0xx_hal_spi.o
HAL_SPI_DMAStop                                   build/stm32f0xx_hal_spi.o
HAL_SPI_DeInit                                    build/stm32f0xx_hal_spi.o
HAL_SPI_ErrorCallback                             build/stm32f0xx_hal_spi.o
HAL_SPI_GetError                                  build/stm32f0xx_hal_spi.o
HAL_SPI_GetState                                  build/stm32f0xx_hal_spi.o
HAL_SPI_IRQHandler                                build/stm32f0xx_hal_spi.o
HAL_SPI_Init                                      build/stm32f0xx_hal_spi.o
                                                  build/main.o
HAL_SPI_MspDeInit                                 build/stm32f0xx_hal_msp.o
HAL_SPI_MspInit                                   build/stm32f0xx_hal_msp.o
HAL_SPI_Receive                                   build/stm32f0xx_hal_spi.o
HAL_SPI_Receive_DMA                               build/stm32f0xx_hal_spi.o
HAL_SPI_Receive_IT                                build/stm32f0xx_hal_spi.o
HAL_SPI_RxCpltCallback                            build/stm32f0xx_hal_spi.o
HAL_SPI_RxHalfCpltCallback                        build/stm32f0xx_hal_spi.o
HAL_SPI_Transmit                                  build/stm32f0xx_hal_spi.o
                                                  build/ws2812.o
HAL_SPI_TransmitReceive                           build/stm32f0xx_hal_spi.o
HAL_SPI_TransmitReceive_DMA                       build/stm32f0xx_hal_spi.o
HAL_SPI_TransmitReceive_IT                        build/stm32f0xx_hal_spi.o
HAL_SPI_Transmit_DMA                              build/stm32f0xx_hal_spi.o
HAL_SPI_Transmit_IT                               build/stm32f0xx_hal_spi.o
HAL_SPI_TxCpltCallback                            build/stm32f0xx_hal_spi.o
HAL_SPI_TxHalfCpltCallback                        build/stm32f0xx_hal_spi.o
HAL_SPI_TxRxCpltCallback                          build/stm32f0xx_hal_spi.o
HAL_SPI_TxRxHalfCpltCallback                      build/stm32f0xx_hal_spi.o
HAL_SYSTICK_CLKSourceConfig                       build/stm32f0xx_hal_cortex.o
HAL_SYSTICK_Callback                              build/stm32f0xx_hal_cortex.o
HAL_SYSTICK_Config                                build/stm32f0xx_hal_cortex.o
                                                  build/stm32f0xx_hal.o
HAL_SYSTICK_IRQHandler                            build/stm32f0xx_hal_cortex.o
HAL_SetTickFreq                                   build/stm32f0xx_hal.o
HAL_SuspendTick                                   build/stm32f0xx_hal.o
HardFault_Handler                                 build/stm32f0xx_it.o
I2C1_IRQHandler                                   build/startup_stm32f030x6.o
NMI_Handler                                       build/stm32f0xx_it.o
PendSV_Handler                                    build/stm32f0xx_it.o
RCC_IRQHandler                                    build/startup_stm32f030x6.o
RTC_IRQHandler                                    build/startup_stm32f030x6.o
Reset_Handler                                     build/startup_stm32f030x6.o
SPI1_IRQHandler                                   build/startup_stm32f030x6.o
SVC_Handler                                       build/stm32f0xx_it.o
SysTick_Handler                                   build/stm32f0xx_it.o
SystemClock_Config                                build/main.o
SystemCoreClock                                   build/system_stm32f0xx.o
                                                  build/stm32f0xx_hal.o
                                                  build/stm32f0xx_hal_rcc.o
                                                  build/stm32f0xx_hal_spi.o
SystemCoreClockUpdate                             build/system_stm32f0xx.o
SystemInit                                        build/system_stm32f0xx.o
                                                  build/startup_stm32f030x6.o
TIM14_IRQHandler                                  build/startup_stm32f030x6.o
TIM16_IRQHandler                                  build/startup_stm32f030x6.o
TIM17_IRQHandler                                  build/startup_stm32f030x6.o
TIM1_BRK_UP_TRG_COM_IRQHandler                    build/startup_stm32f030x6.o
TIM1_CC_IRQHandler                                build/startup_stm32f030x6.o
TIM3_IRQHandler                                   build/startup_stm32f030x6.o
USART1_IRQHandler                                 build/startup_stm32f030x6.o
WS2812_Color                                      build/ws2812.o
WS2812_SetPixelColor                              build/ws2812.o
WS2812_TARDISEffect                               build/ws2812.o
                                                  build/main.o
WS2812_Test                                       build/ws2812.o
WS2812_Update                                     build/ws2812.o
WS2812_Write                                      build/ws2812.o
WWDG_IRQHandler                                   build/startup_stm32f030x6.o
__aeabi_idiv0                                     /home/vahid/ARM-Toolchain/gcc-arm-none-eabi-9-2019-q4-major/bin/../lib/gcc/arm-none-eabi/9.2.1/thumb/v6-m/nofp/libgcc.a(_dvmd_tls.o)
                                                  /home/vahid/ARM-Toolchain/gcc-arm-none-eabi-9-2019-q4-major/bin/../lib/gcc/arm-none-eabi/9.2.1/thumb/v6-m/nofp/libgcc.a(_udivsi3.o)
__aeabi_ldiv0                                     /home/vahid/ARM-Toolchain/gcc-arm-none-eabi-9-2019-q4-major/bin/../lib/gcc/arm-none-eabi/9.2.1/thumb/v6-m/nofp/libgcc.a(_dvmd_tls.o)
__aeabi_uidiv                                     /home/vahid/ARM-Toolchain/gcc-arm-none-eabi-9-2019-q4-major/bin/../lib/gcc/arm-none-eabi/9.2.1/thumb/v6-m/nofp/libgcc.a(_udivsi3.o)
                                                  build/system_stm32f0xx.o
                                                  build/stm32f0xx_hal_dma.o
                                                  build/stm32f0xx_hal.o
                                                  build/stm32f0xx_hal_rcc.o
                                                  build/stm32f0xx_hal_spi.o
__aeabi_uidivmod                                  /home/vahid/ARM-Toolchain/gcc-arm-none-eabi-9-2019-q4-major/bin/../lib/gcc/arm-none-eabi/9.2.1/thumb/v6-m/nofp/libgcc.a(_udivsi3.o)
__bss_end__                                       /home/vahid/ARM-Toolchain/gcc-arm-none-eabi-9-2019-q4-major/bin/../lib/gcc/arm-none-eabi/9.2.1/../../../../arm-none-eabi/lib/thumb/v6-m/nofp/crt0.o
__bss_start__                                     /home/vahid/ARM-Toolchain/gcc-arm-none-eabi-9-2019-q4-major/bin/../lib/gcc/arm-none-eabi/9.2.1/../../../../arm-none-eabi/lib/thumb/v6-m/nofp/crt0.o
__call_exitprocs                                  /home/vahid/ARM-Toolchain/gcc-arm-none-eabi-9-2019-q4-major/bin/../lib/gcc/arm-none-eabi/9.2.1/../../../../arm-none-eabi/lib/thumb/v6-m/nofp/libc_nano.a(lib_a-exit.o)
__deregister_frame_info                           /home/vahid/ARM-Toolchain/gcc-arm-none-eabi-9-2019-q4-major/bin/../lib/gcc/arm-none-eabi/9.2.1/thumb/v6-m/nofp/crtbegin.o
__dso_handle                                      /home/vahid/ARM-Toolchain/gcc-arm-none-eabi-9-2019-q4-major/bin/../lib/gcc/arm-none-eabi/9.2.1/thumb/v6-m/nofp/crtbegin.o
__init_array_end                                  /home/vahid/ARM-Toolchain/gcc-arm-none-eabi-9-2019-q4-major/bin/../lib/gcc/arm-none-eabi/9.2.1/../../../../arm-none-eabi/lib/thumb/v6-m/nofp/libc_nano.a(lib_a-init.o)
__init_array_start                                /home/vahid/ARM-Toolchain/gcc-arm-none-eabi-9-2019-q4-major/bin/../lib/gcc/arm-none-eabi/9.2.1/../../../../arm-none-eabi/lib/thumb/v6-m/nofp/libc_nano.a(lib_a-init.o)
__libc_fini_array                                 /home/vahid/ARM-Toolchain/gcc-arm-none-eabi-9-2019-q4-major/bin/../lib/gcc/arm-none-eabi/9.2.1/../../../../arm-none-eabi/lib/thumb/v6-m/nofp/crt0.o
__libc_init_array                                 /home/vahid/ARM-Toolchain/gcc-arm-none-eabi-9-2019-q4-major/bin/../lib/gcc/arm-none-eabi/9.2.1/../../../../arm-none-eabi/lib/thumb/v6-m/nofp/libc_nano.a(lib_a-init.o)
                                                  build/startup_stm32f030x6.o
                                                  /home/vahid/ARM-Toolchain/gcc-arm-none-eabi-9-2019-q4-major/bin/../lib/gcc/arm-none-eabi/9.2.1/../../../../arm-none-eabi/lib/thumb/v6-m/nofp/crt0.o
__preinit_array_end                               /home/vahid/ARM-Toolchain/gcc-arm-none-eabi-9-2019-q4-major/bin/../lib/gcc/arm-none-eabi/9.2.1/../../../../arm-none-eabi/lib/thumb/v6-m/nofp/libc_nano.a(lib_a-init.o)
__preinit_array_start                             /home/vahid/ARM-Toolchain/gcc-arm-none-eabi-9-2019-q4-major/bin/../lib/gcc/arm-none-eabi/9.2.1/../../../../arm-none-eabi/lib/thumb/v6-m/nofp/libc_nano.a(lib_a-init.o)
__register_frame_info                             /home/vahid/ARM-Toolchain/gcc-arm-none-eabi-9-2019-q4-major/bin/../lib/gcc/arm-none-eabi/9.2.1/thumb/v6-m/nofp/crtbegin.o
__sf_fake_stderr                                  /home/vahid/ARM-Toolchain/gcc-arm-none-eabi-9-2019-q4-major/bin/../lib/gcc/arm-none-eabi/9.2.1/../../../../arm-none-eabi/lib/thumb/v6-m/nofp/libc_nano.a(lib_a-impure.o)
__sf_fake_stdin                                   /home/vahid/ARM-Toolchain/gcc-arm-none-eabi-9-2019-q4-major/bin/../lib/gcc/arm-none-eabi/9.2.1/../../../../arm-none-eabi/lib/thumb/v6-m/nofp/libc_nano.a(lib_a-impure.o)
__sf_fake_stdout                                  /home/vahid/ARM-Toolchain/gcc-arm-none-eabi-9-2019-q4-major/bin/../lib/gcc/arm-none-eabi/9.2.1/../../../../arm-none-eabi/lib/thumb/v6-m/nofp/libc_nano.a(lib_a-impure.o)
__stack                                           /home/vahid/ARM-Toolchain/gcc-arm-none-eabi-9-2019-q4-major/bin/../lib/gcc/arm-none-eabi/9.2.1/../../../../arm-none-eabi/lib/thumb/v6-m/nofp/crt0.o
__udivsi3                                         /home/vahid/ARM-Toolchain/gcc-arm-none-eabi-9-2019-q4-major/bin/../lib/gcc/arm-none-eabi/9.2.1/thumb/v6-m/nofp/libgcc.a(_udivsi3.o)
_ebss                                             build/startup_stm32f030x6.o
_edata                                            build/startup_stm32f030x6.o
_estack                                           build/startup_stm32f030x6.o
_exit                                             /home/vahid/ARM-Toolchain/gcc-arm-none-eabi-9-2019-q4-major/bin/../lib/gcc/arm-none-eabi/9.2.1/../../../../arm-none-eabi/lib/thumb/v6-m/nofp/libnosys.a(_exit.o)
                                                  /home/vahid/ARM-Toolchain/gcc-arm-none-eabi-9-2019-q4-major/bin/../lib/gcc/arm-none-eabi/9.2.1/../../../../arm-none-eabi/lib/thumb/v6-m/nofp/libc_nano.a(lib_a-exit.o)
_fini                                             /home/vahid/ARM-Toolchain/gcc-arm-none-eabi-9-2019-q4-major/bin/../lib/gcc/arm-none-eabi/9.2.1/thumb/v6-m/nofp/crti.o
_global_impure_ptr                                /home/vahid/ARM-Toolchain/gcc-arm-none-eabi-9-2019-q4-major/bin/../lib/gcc/arm-none-eabi/9.2.1/../../../../arm-none-eabi/lib/thumb/v6-m/nofp/libc_nano.a(lib_a-impure.o)
                                                  /home/vahid/ARM-Toolchain/gcc-arm-none-eabi-9-2019-q4-major/bin/../lib/gcc/arm-none-eabi/9.2.1/../../../../arm-none-eabi/lib/thumb/v6-m/nofp/libc_nano.a(lib_a-exit.o)
_impure_ptr                                       /home/vahid/ARM-Toolchain/gcc-arm-none-eabi-9-2019-q4-major/bin/../lib/gcc/arm-none-eabi/9.2.1/../../../../arm-none-eabi/lib/thumb/v6-m/nofp/libc_nano.a(lib_a-impure.o)
_init                                             /home/vahid/ARM-Toolchain/gcc-arm-none-eabi-9-2019-q4-major/bin/../lib/gcc/arm-none-eabi/9.2.1/thumb/v6-m/nofp/crti.o
                                                  /home/vahid/ARM-Toolchain/gcc-arm-none-eabi-9-2019-q4-major/bin/../lib/gcc/arm-none-eabi/9.2.1/../../../../arm-none-eabi/lib/thumb/v6-m/nofp/libc_nano.a(lib_a-init.o)
_mainCRTStartup                                   /home/vahid/ARM-Toolchain/gcc-arm-none-eabi-9-2019-q4-major/bin/../lib/gcc/arm-none-eabi/9.2.1/../../../../arm-none-eabi/lib/thumb/v6-m/nofp/crt0.o
_sbss                                             build/startup_stm32f030x6.o
_sdata                                            build/startup_stm32f030x6.o
_sidata                                           build/startup_stm32f030x6.o
_start                                            /home/vahid/ARM-Toolchain/gcc-arm-none-eabi-9-2019-q4-major/bin/../lib/gcc/arm-none-eabi/9.2.1/../../../../arm-none-eabi/lib/thumb/v6-m/nofp/crt0.o
atexit                                            /home/vahid/ARM-Toolchain/gcc-arm-none-eabi-9-2019-q4-major/bin/../lib/gcc/arm-none-eabi/9.2.1/../../../../arm-none-eabi/lib/thumb/v6-m/nofp/crt0.o
exit                                              /home/vahid/ARM-Toolchain/gcc-arm-none-eabi-9-2019-q4-major/bin/../lib/gcc/arm-none-eabi/9.2.1/../../../../arm-none-eabi/lib/thumb/v6-m/nofp/libc_nano.a(lib_a-exit.o)
                                                  /home/vahid/ARM-Toolchain/gcc-arm-none-eabi-9-2019-q4-major/bin/../lib/gcc/arm-none-eabi/9.2.1/../../../../arm-none-eabi/lib/thumb/v6-m/nofp/crt0.o
g_pfnVectors                                      build/startup_stm32f030x6.o
hardware_init_hook                                /home/vahid/ARM-Toolchain/gcc-arm-none-eabi-9-2019-q4-major/bin/../lib/gcc/arm-none-eabi/9.2.1/../../../../arm-none-eabi/lib/thumb/v6-m/nofp/crt0.o
hspi1                                             build/main.o
                                                  build/ws2812.o
main                                              build/main.o
                                                  build/startup_stm32f030x6.o
                                                  /home/vahid/ARM-Toolchain/gcc-arm-none-eabi-9-2019-q4-major/bin/../lib/gcc/arm-none-eabi/9.2.1/../../../../arm-none-eabi/lib/thumb/v6-m/nofp/crt0.o
memset                                            /home/vahid/ARM-Toolchain/gcc-arm-none-eabi-9-2019-q4-major/bin/../lib/gcc/arm-none-eabi/9.2.1/../../../../arm-none-eabi/lib/thumb/v6-m/nofp/libc_nano.a(lib_a-memset.o)
                                                  build/stm32f0xx_hal_msp.o
                                                  build/main.o
                                                  /home/vahid/ARM-Toolchain/gcc-arm-none-eabi-9-2019-q4-major/bin/../lib/gcc/arm-none-eabi/9.2.1/../../../../arm-none-eabi/lib/thumb/v6-m/nofp/crt0.o
pFlash                                            build/stm32f0xx_hal_flash.o
                                                  build/stm32f0xx_hal_flash_ex.o
software_init_hook                                /home/vahid/ARM-Toolchain/gcc-arm-none-eabi-9-2019-q4-major/bin/../lib/gcc/arm-none-eabi/9.2.1/../../../../arm-none-eabi/lib/thumb/v6-m/nofp/crt0.o
uwTick                                            build/stm32f0xx_hal.o
uwTickFreq                                        build/stm32f0xx_hal.o
uwTickPrio                                        build/stm32f0xx_hal.o
                                                  build/stm32f0xx_hal_rcc.o
